 LiteLLM 日志                                                                  刷新: 5s | 排序: time | 更新: 0 | ? 帮助 
时间             状态 费用   耗时   Tokens       模型                                       Tags                        
────────────────────────────────────────────────────────────────────────────────────────────────────────────────────────
2026-06-26 14:00 ✓    $0.00  2.00s  150(100+50)  gpt-4-group                                                            
2026-06-26 14:05 ✓    $0.01  1.00s  300(200+100) claude-3-group                                                         

已加载 2 条





























时间: 15:04:05