 日志详情                                                                    ESC 返回 | ↑↓ 切换 | Tab 切换 | Enter 进入 

╭──────────────────────────────────────────────────────────╮╭─────────────────────────────────────────────────────────╮
│ 📤 REQUEST                                               ││ 📥 RESPONSE                                             │
│   🤖 -                                                   ││                                                         │
│                                                          ││   💬 choices [1]                                        │
│ ▶ 📦 system [1]                                          ││   💬 choices: 1                                         │
│   🔧 tools [无]                                          ││   💰 $0.0150                                            │
│   💬 messages [1]                                        │╰─────────────────────────────────────────────────────────╯
╰──────────────────────────────────────────────────────────╯                                                           

  ↑↓: 切换  |  Tab: 切换  |  Enter: 进入  |  ESC: 返回