[1;38;5;86;48;5;236m 日志详情                                                                    ESC 返回 | ↑↓ 切换 | Tab 切换 | Enter 进入 [0m

[38;5;86m╭──────────────────────────────────────────────────────────╮[0m[38;5;236m╭─────────────────────────────────────────────────────────╮[0m
[38;5;86m│[0m [1;38;5;210m📤 REQUEST[0m                                               [38;5;86m│[0m[38;5;236m│[0m [1;38;5;210m📥 RESPONSE[0m                                             [38;5;236m│[0m
[38;5;86m│[0m   🤖 [38;5;159m-[0m                                                   [38;5;86m│[0m[38;5;236m│[0m                                                         [38;5;236m│[0m
[38;5;86m│[0m                                                          [38;5;86m│[0m[38;5;236m│[0m   💬 choices [1]                                        [38;5;236m│[0m
[38;5;86m│[0m [38;5;76m▶ 📦 system [1][0m                                          [38;5;86m│[0m[38;5;236m│[0m [38;5;240m  🏁 结束原因: stop[0m                                     [38;5;236m│[0m
[38;5;86m│[0m [38;5;240m  🔧 tools [无][0m                                          [38;5;86m│[0m[38;5;236m│[0m [38;5;240m  🧠 思考过程:[0m                                          [38;5;236m│[0m
[38;5;86m│[0m   💬 messages [1]                                        [38;5;86m│[0m[38;5;236m│[0m     这里是模拟的思考过程，它使用了 [1m粗体[0m 进行测试。      [38;5;236m│[0m
[38;5;86m│[0m                                                          [38;5;86m│[0m[38;5;236m│[0m   💬 内容: 你好，这部分是 [1mMarkdown 正文[0m，包含一个       [38;5;236m│[0m
[38;5;86m│[0m [38;5;240m  💬 最后消息 (user):[0m                                    [38;5;86m│[0m[38;5;236m│[0m [38;5;154;48;5;236m代码块[0m。                                                [38;5;236m│[0m
[38;5;86m│[0m     Translate Hello to Chinese                           [38;5;86m│[0m[38;5;236m│[0m   💰 $0.0150                                            [38;5;236m│[0m
[38;5;86m╰──────────────────────────────────────────────────────────╯[0m[38;5;236m╰─────────────────────────────────────────────────────────╯[0m

[38;5;240m  ↑↓: 切换  |  Enter: 查看详情  |  ESC: 返回[0m