 日志 > 日志详情                                                                                                        
📦 claude-3💰 $0.0150📊 300⏱️ 2026-06-26T06:05:00Z🔖 req-2

╭──────────────────────────────────────────────────────────╮╭─────────────────────────────────────────────────────────╮
│ 📤 REQUEST                                               ││ 📥 RESPONSE                                             │
│   🤖 -                                                   ││                                                         │
│                                                          ││   💬 choices [1]                                        │
│ ▶ 📦 system [1]                                          ││   🏁 结束原因: stop                                     │
│   🔧 tools [无]                                          ││   🧠 思考过程:                                          │
│   💬 messages [1]                                        ││     这里是模拟的思考过程，它使用了 粗体 进行测试。      │
│                                                          ││   💬 内容:                                              │
│   💬 最后消息 (user):                                    ││     你好，这部分是 Markdown 正文，包含一个 代码块。     │
│     Translate Hello to Chinese                           ││   💰 $0.0150                                            │
╰──────────────────────────────────────────────────────────╯╰─────────────────────────────────────────────────────────╯

  ↑↓: 切换  |  Enter: 查看详情  |  ESC: 返回  |  ←/→: 切换 tab  |  Q: 退出