 日志 > 日志详情 > Choice[0]                                                                                            
📦 claude-3💰 $0.0150📊 300⏱️ 2026-06-26T06:05:00Z🔖 req-2

  [0] choice
  finish_reason: stop
  role: assistant
▶ 🧠 思考过程 (按 C 复制)
    这里是模拟的思考过程，它使用了 粗体 进行测试。

  💬 响应内容:
    你好，这部分是 Markdown 正文，包含一个 代码块。
