 LiteLLM 日志                                                                  刷新: 5s | ↑↓ 选择 | Enter 详情 | q 退出 

时间             状态 费用  耗时  Tokens       模型           Tags
──────────────────────────────────────────────────────────────────
2026-06-26 14:00 ✓    $0.00 2.00s 150(100+50)  gpt-4-group        
2026-06-26 14:05 ✓    $0.01 1.00s 300(200+100) claude-3-group     

共 2 条记录 (总 2)


⏱ 更新次数: 0 | 时间: 15:04:05