 LiteLLM 日志                                                                  刷新: 5s | 排序: time | 更新: 0 | ? 帮助 
时间             状态 费用   耗时   Tokens   模型                                         Tags                          
────────────────────────────────────────────────────────────────────────────────────────────────────────────────────────
                 ✓    $0.01  -      -                                                                                   

已加载 1 条






























时间: 15:04:05