[1;38;5;86;48;5;236m 日志详情                                                                    ESC 返回 | ↑↓ 切换 | Tab 切换 | Enter 进入 [0m

[38;5;86m╭──────────────────────────────────────────────────────────╮[0m[38;5;236m╭─────────────────────────────────────────────────────────╮[0m
[38;5;86m│[0m [1;38;5;210m📤 REQUEST[0m                                               [38;5;86m│[0m[38;5;236m│[0m [1;38;5;210m📥 RESPONSE[0m                                             [38;5;236m│[0m
[38;5;86m│[0m   🤖 [38;5;159m-[0m                                                   [38;5;86m│[0m[38;5;236m│[0m                                                         [38;5;236m│[0m
[38;5;86m│[0m                                                          [38;5;86m│[0m[38;5;236m│[0m   💬 choices [1]                                        [38;5;236m│[0m
[38;5;86m│[0m [38;5;76m▶ 📦 system [1][0m                                          [38;5;86m│[0m[38;5;236m│[0m   💬 choices: 1                                         [38;5;236m│[0m
[38;5;86m│[0m [38;5;240m  🔧 tools [无][0m                                          [38;5;86m│[0m[38;5;236m│[0m   💰 $0.0150                                            [38;5;236m│[0m
[38;5;86m│[0m   💬 messages [1]                                        [38;5;86m│[0m[38;5;236m╰─────────────────────────────────────────────────────────╯[0m
[38;5;86m╰──────────────────────────────────────────────────────────╯[0m                                                           

[38;5;240m  ↑↓: 切换  |  Tab: 切换  |  Enter: 进入  |  ESC: 返回[0m