[1;38;5;86;48;5;236m 日志详情 > Choice[0]                                                        ESC 返回列表 | ↑↓ 滚动 | Tab 切换思考/正文 [0m

[1;38;5;210m  [0] choice[0m
[38;5;159m  finish_reason: stop[0m
[38;5;159m  role: assistant[0m
[1;38;5;86m▶ 🧠 思考过程 (按 Enter 展开，按 C 复制)[0m

[38;5;240m  💬 响应内容:[0m
    你好，这部分是 [1mMarkdown 正文[0m，包含一个 [38;5;154;48;5;236m代码块[0m。
