[1;38;5;86;48;5;236m 用量统计看板                                                                                           2026-06-25 - 2026-06-25 | 按 q 退出 [0m

[38;5;240m╭──────────────────────╮[0m    [1;38;5;159m▶ [0m[1;38;5;82m██████████████████████████████[0m $5.00  [38;5;245m2026-06-25[0m
[38;5;240m│[0m [38;5;252m[38;5;240m💰 总花费[0m[0m            [38;5;240m│[0m                                                      
[38;5;240m│[0m [38;5;252m[1;38;5;159m$5.0000[0m[0m              [38;5;240m│[0m    [38;5;86m╭──────────────────────────────╮[0m                  
[38;5;240m│[0m                      [38;5;240m│[0m    [38;5;86m│[0m [1;38;5;86m📅 2026-06-25[0m                [38;5;86m│[0m                  
[38;5;240m│[0m                      [38;5;240m│[0m    [38;5;86m│[0m [38;5;245m💰 花费: [0m[38;5;159m$5.0000[0m             [38;5;86m│[0m                  
[38;5;240m╰──────────────────────╯[0m    [38;5;86m│[0m [38;5;245m📤 请求: [0m[38;5;159m200[0m                 [38;5;86m│[0m                  
[38;5;240m╭──────────────────────╮[0m    [38;5;86m│[0m [38;5;245m✅ 成功: [0m[38;5;159m190[0m                 [38;5;86m│[0m                  
[38;5;240m│[0m [38;5;252m[38;5;240m📤 总请求[0m[0m            [38;5;240m│[0m    [38;5;86m│[0m [38;5;245m❌ 失败: [0m[38;5;159m10[0m                  [38;5;86m│[0m                  
[38;5;240m│[0m [38;5;252m[1;38;5;159m200[0m[0m                  [38;5;240m│[0m    [38;5;86m│[0m [38;5;245m📝 Prompt: [0m[38;5;159m100.0K[0m            [38;5;86m│[0m                  
[38;5;240m│[0m                      [38;5;240m│[0m    [38;5;86m│[0m [38;5;245m✍️ Completion: [0m[38;5;159m40.0K[0m         [38;5;86m│[0m                  
[38;5;240m│[0m                      [38;5;240m│[0m    [38;5;86m│[0m [38;5;245m📊 总 Tokens: [0m[38;5;159m140.0K[0m         [38;5;86m│[0m                  
[38;5;240m╰──────────────────────╯[0m    [38;5;86m╰──────────────────────────────╯[0m                  
[38;5;240m╭──────────────────────╮[0m                                                      
[38;5;240m│[0m [38;5;252m[38;5;240m✅ 成功请求[0m[0m          [38;5;240m│[0m                                                      
[38;5;240m│[0m [38;5;252m[1;38;5;159m190[0m[0m                  [38;5;240m│[0m                                                      
[38;5;240m│[0m                      [38;5;240m│[0m                                                      
[38;5;240m│[0m                      [38;5;240m│[0m                                                      
[38;5;240m╰──────────────────────╯[0m                                                      
[38;5;240m╭──────────────────────╮[0m                                                      
[38;5;240m│[0m [38;5;252m[38;5;240m❌ 失败请求[0m[0m          [38;5;240m│[0m                                                      
[38;5;240m│[0m [38;5;252m[1;38;5;159m10[0m[0m                   [38;5;240m│[0m                                                      
[38;5;240m│[0m                      [38;5;240m│[0m                                                      
[38;5;240m│[0m                      [38;5;240m│[0m                                                      
[38;5;240m╰──────────────────────╯[0m                                                      
[38;5;240m╭──────────────────────╮[0m                                                      
[38;5;240m│[0m [38;5;252m[38;5;240m📝 Prompt Tokens[0m[0m     [38;5;240m│[0m                                                      
[38;5;240m│[0m [38;5;252m[1;38;5;159m100.0K[0m[0m               [38;5;240m│[0m                                                      
[38;5;240m│[0m                      [38;5;240m│[0m                                                      
[38;5;240m│[0m                      [38;5;240m│[0m                                                      
[38;5;240m╰──────────────────────╯[0m                                                      
[38;5;240m╭──────────────────────╮[0m                                                      
[38;5;240m│[0m [38;5;252m[38;5;240m✍️ Completion Tokens[0m[0m [38;5;240m│[0m                                                      
[38;5;240m│[0m [38;5;252m[1;38;5;159m40.0K[0m[0m                [38;5;240m│[0m                                                      
[38;5;240m│[0m                      [38;5;240m│[0m                                                      
[38;5;240m│[0m                      [38;5;240m│[0m                                                      
[38;5;240m╰──────────────────────╯[0m                                                      
[38;5;240m╭──────────────────────╮[0m                                                      
[38;5;240m│[0m [38;5;252m[38;5;240m📊 总 Tokens[0m[0m         [38;5;240m│[0m                                                      
[38;5;240m│[0m [38;5;252m[1;38;5;159m140.0K[0m[0m               [38;5;240m│[0m                                                      
[38;5;240m│[0m                      [38;5;240m│[0m                                                      
[38;5;240m│[0m                      [38;5;240m│[0m                                                      
[38;5;240m╰──────────────────────╯[0m                                                      
[38;5;240m╭──────────────────────╮[0m                                                      
[38;5;240m│[0m [38;5;252m[38;5;240m📈 平均请求费用[0m[0m      [38;5;240m│[0m                                                      
[38;5;240m│[0m [38;5;252m[1;38;5;159m$0.025000[0m[0m            [38;5;240m│[0m                                                      
[38;5;240m│[0m                      [38;5;240m│[0m                                                      
[38;5;240m│[0m                      [38;5;240m│[0m                                                      
[38;5;240m╰──────────────────────╯[0m                                                      
                                                                              

[38;5;240m  j/k 或 ↓/↑: 在右侧图表中移动  |  q: 退出[0m