 用量统计                 2026-06-25 - 2026-06-25 | 按 Tab 切换视图 | 按 q 退出 

╭──────────────────────╮╭──────────────────────╮
│ 💰 总花费            ││ 📤 总请求            │
│ $5.0000              ││ 200                  │
│                      ││                      │
│                      ││                      │
╰──────────────────────╯╰──────────────────────╯
╭──────────────────────╮╭──────────────────────╮
│ ✅ 成功请求          ││ ❌ 失败请求          │
│ 190                  ││ 10                   │
│                      ││                      │
│                      ││                      │
╰──────────────────────╯╰──────────────────────╯
╭──────────────────────╮╭──────────────────────╮
│ 📝 Prompt Tokens     ││ ✍️ Completion Tokens │
│ 100.0K               ││ 40.0K                │
│                      ││                      │
│                      ││                      │
╰──────────────────────╯╰──────────────────────╯
╭──────────────────────╮╭──────────────────────╮
│ 📊 总 Tokens         ││ 📈 平均请求费用      │
│ 140.0K               ││ $0.025000            │
│                      ││                      │
│                      ││                      │
╰──────────────────────╯╰──────────────────────╯


  Tab: 切换视图  |  q: 退出