 每日花费                                     2026-06-24 - 2026-06-26 | 按 Tab 切换视图 | 按 q 退出 

  ███████████████ $2.50  2026-06-24
▶ ██████████████████████████████ $5.00  2026-06-25
  ███████ $1.25  2026-06-26

╭──────────────────────────────╮
│ 📅 2026-06-25                │
│ 💰 花费: $5.0000             │
│ 📤 请求: 200                 │
│ ✅ 成功: 190                 │
│ ❌ 失败: 10                  │
│ 📝 Prompt: 100.0K            │
│ ✍️ Completion: 40.0K         │
│ 📊 总 Tokens: 140.0K         │
╰──────────────────────────────╯

  Tab: 切换视图  |  j/k 或 ↓/↑: 移动  |  q: 退出