 用量统计                                     2026-06-24 - 2026-06-26 | 按 Tab 切换视图 | 按 q 退出 

╭──────────────────────╮╭──────────────────────╮╭──────────────────────╮╭──────────────────────╮
│ 💰 总花费            ││ 📤 总请求            ││ ✅ 成功请求          ││ ❌ 失败请求          │
│ $8.7500              ││ 350                  ││ 333                  ││ 17                   │
│                      ││                      ││                      ││                      │
│                      ││                      ││                      ││                      │
╰──────────────────────╯╰──────────────────────╯╰──────────────────────╯╰──────────────────────╯
╭──────────────────────╮╭──────────────────────╮╭──────────────────────╮╭──────────────────────╮
│ 📝 Prompt Tokens     ││ ✍️ Completion Tokens ││ 📊 总 Tokens         ││ 📈 平均请求费用      │
│ 175.0K               ││ 70.0K                ││ 245.0K               ││ $0.025000            │
│                      ││                      ││                      ││                      │
│                      ││                      ││                      ││                      │
╰──────────────────────╯╰──────────────────────╯╰──────────────────────╯╰──────────────────────╯


  Tab: 切换视图  |  q: 退出